Archive member included because of file (symbol)

e:/programs/siliconlabs/simplicitystudio/v4/developer/toolchains/gnu_arm/4.9_2015q3/bin/../lib/gcc/arm-none-eabi/4.9.3/armv7-m\libgcc.a(_aeabi_uldivmod.o)
                              ./Drivers/rtcdriver.o (__aeabi_uldivmod)
e:/programs/siliconlabs/simplicitystudio/v4/developer/toolchains/gnu_arm/4.9_2015q3/bin/../lib/gcc/arm-none-eabi/4.9.3/armv7-m\libgcc.a(bpabi.o)
                              e:/programs/siliconlabs/simplicitystudio/v4/developer/toolchains/gnu_arm/4.9_2015q3/bin/../lib/gcc/arm-none-eabi/4.9.3/armv7-m\libgcc.a(_aeabi_uldivmod.o) (__gnu_uldivmod_helper)
e:/programs/siliconlabs/simplicitystudio/v4/developer/toolchains/gnu_arm/4.9_2015q3/bin/../lib/gcc/arm-none-eabi/4.9.3/armv7-m\libgcc.a(_dvmd_tls.o)
                              e:/programs/siliconlabs/simplicitystudio/v4/developer/toolchains/gnu_arm/4.9_2015q3/bin/../lib/gcc/arm-none-eabi/4.9.3/armv7-m\libgcc.a(_aeabi_uldivmod.o) (__aeabi_ldiv0)
e:/programs/siliconlabs/simplicitystudio/v4/developer/toolchains/gnu_arm/4.9_2015q3/bin/../lib/gcc/arm-none-eabi/4.9.3/armv7-m\libgcc.a(_divdi3.o)
                              e:/programs/siliconlabs/simplicitystudio/v4/developer/toolchains/gnu_arm/4.9_2015q3/bin/../lib/gcc/arm-none-eabi/4.9.3/armv7-m\libgcc.a(bpabi.o) (__divdi3)
e:/programs/siliconlabs/simplicitystudio/v4/developer/toolchains/gnu_arm/4.9_2015q3/bin/../lib/gcc/arm-none-eabi/4.9.3/armv7-m\libgcc.a(_udivdi3.o)
                              e:/programs/siliconlabs/simplicitystudio/v4/developer/toolchains/gnu_arm/4.9_2015q3/bin/../lib/gcc/arm-none-eabi/4.9.3/armv7-m\libgcc.a(bpabi.o) (__udivdi3)
e:/programs/siliconlabs/simplicitystudio/v4/developer/toolchains/gnu_arm/4.9_2015q3/bin/../lib/gcc/arm-none-eabi/4.9.3/../../../../arm-none-eabi/lib/armv7-m\libc_nano.a(lib_a-abs.o)
                              ./Drivers/segmentlcd.o (abs)
e:/programs/siliconlabs/simplicitystudio/v4/developer/toolchains/gnu_arm/4.9_2015q3/bin/../lib/gcc/arm-none-eabi/4.9.3/../../../../arm-none-eabi/lib/armv7-m\libc_nano.a(lib_a-exit.o)
                              e:/programs/siliconlabs/simplicitystudio/v4/developer/toolchains/gnu_arm/4.9_2015q3/bin/../lib/gcc/arm-none-eabi/4.9.3/../../../../arm-none-eabi/lib/armv7-m/crt0.o (exit)
e:/programs/siliconlabs/simplicitystudio/v4/developer/toolchains/gnu_arm/4.9_2015q3/bin/../lib/gcc/arm-none-eabi/4.9.3/../../../../arm-none-eabi/lib/armv7-m\libc_nano.a(lib_a-impure.o)
                              e:/programs/siliconlabs/simplicitystudio/v4/developer/toolchains/gnu_arm/4.9_2015q3/bin/../lib/gcc/arm-none-eabi/4.9.3/../../../../arm-none-eabi/lib/armv7-m\libc_nano.a(lib_a-exit.o) (_global_impure_ptr)
e:/programs/siliconlabs/simplicitystudio/v4/developer/toolchains/gnu_arm/4.9_2015q3/bin/../lib/gcc/arm-none-eabi/4.9.3/../../../../arm-none-eabi/lib/armv7-m\libc_nano.a(lib_a-init.o)
                              e:/programs/siliconlabs/simplicitystudio/v4/developer/toolchains/gnu_arm/4.9_2015q3/bin/../lib/gcc/arm-none-eabi/4.9.3/../../../../arm-none-eabi/lib/armv7-m/crt0.o (__libc_init_array)
e:/programs/siliconlabs/simplicitystudio/v4/developer/toolchains/gnu_arm/4.9_2015q3/bin/../lib/gcc/arm-none-eabi/4.9.3/../../../../arm-none-eabi/lib/armv7-m\libc_nano.a(lib_a-memset.o)
                              e:/programs/siliconlabs/simplicitystudio/v4/developer/toolchains/gnu_arm/4.9_2015q3/bin/../lib/gcc/arm-none-eabi/4.9.3/../../../../arm-none-eabi/lib/armv7-m/crt0.o (memset)
e:/programs/siliconlabs/simplicitystudio/v4/developer/toolchains/gnu_arm/4.9_2015q3/bin/../lib/gcc/arm-none-eabi/4.9.3/../../../../arm-none-eabi/lib/armv7-m\libc_nano.a(lib_a-strlen.o)
                              ./Drivers/segmentlcd.o (strlen)
e:/programs/siliconlabs/simplicitystudio/v4/developer/toolchains/gnu_arm/4.9_2015q3/bin/../lib/gcc/arm-none-eabi/4.9.3/../../../../arm-none-eabi/lib/armv7-m\libnosys.a(_exit.o)
                              e:/programs/siliconlabs/simplicitystudio/v4/developer/toolchains/gnu_arm/4.9_2015q3/bin/../lib/gcc/arm-none-eabi/4.9.3/../../../../arm-none-eabi/lib/armv7-m\libc_nano.a(lib_a-exit.o) (_exit)

Allocating common symbols
Common symbol       size              file

SystemCoreClock     0x4               ./CMSIS/EFM32GG/system_efm32gg.o
msTicks             0x4               ./src/lcd_setup.o

Discarded input sections

 .text          0x00000000        0x0 e:/programs/siliconlabs/simplicitystudio/v4/developer/toolchains/gnu_arm/4.9_2015q3/bin/../lib/gcc/arm-none-eabi/4.9.3/armv7-m/crti.o
 .data          0x00000000        0x0 e:/programs/siliconlabs/simplicitystudio/v4/developer/toolchains/gnu_arm/4.9_2015q3/bin/../lib/gcc/arm-none-eabi/4.9.3/armv7-m/crti.o
 .bss           0x00000000        0x0 e:/programs/siliconlabs/simplicitystudio/v4/developer/toolchains/gnu_arm/4.9_2015q3/bin/../lib/gcc/arm-none-eabi/4.9.3/armv7-m/crti.o
 .data          0x00000000        0x4 e:/programs/siliconlabs/simplicitystudio/v4/developer/toolchains/gnu_arm/4.9_2015q3/bin/../lib/gcc/arm-none-eabi/4.9.3/armv7-m/crtbegin.o
 .data          0x00000000        0x0 e:/programs/siliconlabs/simplicitystudio/v4/developer/toolchains/gnu_arm/4.9_2015q3/bin/../lib/gcc/arm-none-eabi/4.9.3/../../../../arm-none-eabi/lib/armv7-m/crt0.o
 .bss           0x00000000        0x0 e:/programs/siliconlabs/simplicitystudio/v4/developer/toolchains/gnu_arm/4.9_2015q3/bin/../lib/gcc/arm-none-eabi/4.9.3/../../../../arm-none-eabi/lib/armv7-m/crt0.o
 .ARM.extab     0x00000000        0x0 e:/programs/siliconlabs/simplicitystudio/v4/developer/toolchains/gnu_arm/4.9_2015q3/bin/../lib/gcc/arm-none-eabi/4.9.3/../../../../arm-none-eabi/lib/armv7-m/crt0.o
 .text          0x00000000        0x0 ./BSP/bsp_trace.o
 .data          0x00000000        0x0 ./BSP/bsp_trace.o
 .bss           0x00000000        0x0 ./BSP/bsp_trace.o
 .text.BSP_TraceSwoSetup
                0x00000000      0x114 ./BSP/bsp_trace.o
 .text.BSP_TraceProfilerSetup
                0x00000000       0x28 ./BSP/bsp_trace.o
 .debug_info    0x00000000      0xc90 ./BSP/bsp_trace.o
 .debug_abbrev  0x00000000      0x17b ./BSP/bsp_trace.o
 .debug_loc     0x00000000       0xa0 ./BSP/bsp_trace.o
 .debug_aranges
                0x00000000       0x28 ./BSP/bsp_trace.o
 .debug_ranges  0x00000000       0x18 ./BSP/bsp_trace.o
 .debug_line    0x00000000      0x327 ./BSP/bsp_trace.o
 .debug_str     0x00000000      0x7f2 ./BSP/bsp_trace.o
 .comment       0x00000000       0x71 ./BSP/bsp_trace.o
 .debug_frame   0x00000000       0x58 ./BSP/bsp_trace.o
 .ARM.attributes
                0x00000000       0x33 ./BSP/bsp_trace.o
 .data          0x00000000        0x0 ./CMSIS/EFM32GG/startup_efm32gg.o
 .bss           0x00000000        0x0 ./CMSIS/EFM32GG/startup_efm32gg.o
 .text          0x00000000        0x0 ./CMSIS/EFM32GG/system_efm32gg.o
 .data          0x00000000        0x0 ./CMSIS/EFM32GG/system_efm32gg.o
 .bss           0x00000000        0x0 ./CMSIS/EFM32GG/system_efm32gg.o
 .text.SystemHFXOClockSet
                0x00000000       0x2c ./CMSIS/EFM32GG/system_efm32gg.o
 .text.SystemLFXOClockSet
                0x00000000       0x2c ./CMSIS/EFM32GG/system_efm32gg.o
 .text          0x00000000        0x0 ./Drivers/rtcdriver.o
 .data          0x00000000        0x0 ./Drivers/rtcdriver.o
 .bss           0x00000000        0x0 ./Drivers/rtcdriver.o
 .text.NVIC_EnableIRQ
                0x00000000       0x30 ./Drivers/rtcdriver.o
 .text.NVIC_DisableIRQ
                0x00000000       0x34 ./Drivers/rtcdriver.o
 .text.NVIC_ClearPendingIRQ
                0x00000000       0x34 ./Drivers/rtcdriver.o
 .bss.startTimerNestingLevel
                0x00000000        0x4 ./Drivers/rtcdriver.o
 .bss.rtcdrvIsInitialized
                0x00000000        0x1 ./Drivers/rtcdriver.o
 .rodata.initRTC
                0x00000000        0x3 ./Drivers/rtcdriver.o
 .text.RTCDRV_AllocateTimer
                0x00000000       0x88 ./Drivers/rtcdriver.o
 .text.RTCDRV_Delay
                0x00000000       0x80 ./Drivers/rtcdriver.o
 .text.RTCDRV_FreeTimer
                0x00000000       0x54 ./Drivers/rtcdriver.o
 .text.RTCDRV_Init
                0x00000000       0xa0 ./Drivers/rtcdriver.o
 .text.RTCDRV_DeInit
                0x00000000       0x40 ./Drivers/rtcdriver.o
 .text.RTCDRV_IsRunning
                0x00000000       0x7c ./Drivers/rtcdriver.o
 .text.RTCDRV_StartTimer
                0x00000000      0x344 ./Drivers/rtcdriver.o
 .text.RTCDRV_StopTimer
                0x00000000       0x68 ./Drivers/rtcdriver.o
 .text.RTCDRV_TimeRemaining
                0x00000000      0x15c ./Drivers/rtcdriver.o
 .text.delayTicks
                0x00000000       0x34 ./Drivers/rtcdriver.o
 .text          0x00000000        0x0 ./Drivers/segmentlcd.o
 .data          0x00000000        0x0 ./Drivers/segmentlcd.o
 .bss           0x00000000        0x0 ./Drivers/segmentlcd.o
 .rodata.Blocks
                0x00000000        0x8 ./Drivers/segmentlcd.o
 .rodata.signIndex
                0x00000000        0x2 ./Drivers/segmentlcd.o
 .text.SegmentLCD_AllOn
                0x00000000       0xcc ./Drivers/segmentlcd.o
 .text.SegmentLCD_ARing
                0x00000000       0x54 ./Drivers/segmentlcd.o
 .text.SegmentLCD_Battery
                0x00000000       0x78 ./Drivers/segmentlcd.o
 .text.SegmentLCD_Block
                0x00000000       0x30 ./Drivers/segmentlcd.o
 .text.SegmentLCD_EnergyMode
                0x00000000       0x50 ./Drivers/segmentlcd.o
 .text.SegmentLCD_LowerHex
                0x00000000       0x98 ./Drivers/segmentlcd.o
 .rodata        0x00000000        0x8 ./Drivers/segmentlcd.o
 .text.SegmentLCD_LowerNumber
                0x00000000       0xc4 ./Drivers/segmentlcd.o
 .text.SegmentLCD_Symbol
                0x00000000      0x130 ./Drivers/segmentlcd.o
 .text.SegmentLCD_UnsignedHex
                0x00000000       0xc8 ./Drivers/segmentlcd.o
 .text.displayBlock
                0x00000000      0x114 ./Drivers/segmentlcd.o
 .text          0x00000000        0x0 ./emlib/em_assert.o
 .data          0x00000000        0x0 ./emlib/em_assert.o
 .bss           0x00000000        0x0 ./emlib/em_assert.o
 .text          0x00000000        0x0 ./emlib/em_cmu.o
 .data          0x00000000        0x0 ./emlib/em_cmu.o
 .bss           0x00000000        0x0 ./emlib/em_cmu.o
 .text.BUS_RegMaskedWrite
                0x00000000       0x28 ./emlib/em_cmu.o
 .text.CMU_Log2ToDiv
                0x00000000       0x1c ./emlib/em_cmu.o
 .text.CMU_AUXHFRCOBandGet
                0x00000000       0x20 ./emlib/em_cmu.o
 .text.CMU_AUXHFRCOBandSet
                0x00000000       0xb8 ./emlib/em_cmu.o
 .text.CMU_Calibrate
                0x00000000       0xac ./emlib/em_cmu.o
 .text.CMU_CalibrateConfig
                0x00000000       0xfc ./emlib/em_cmu.o
 .text.CMU_CalibrateCountGet
                0x00000000       0x38 ./emlib/em_cmu.o
 .text.CMU_ClockDivGet
                0x00000000      0x194 ./emlib/em_cmu.o
 .text.CMU_FreezeEnable
                0x00000000       0x38 ./emlib/em_cmu.o
 .text.CMU_HFRCOBandGet
                0x00000000       0x20 ./emlib/em_cmu.o
 .text.CMU_HFRCOStartupDelayGet
                0x00000000       0x1c ./emlib/em_cmu.o
 .text.CMU_HFRCOStartupDelaySet
                0x00000000       0x40 ./emlib/em_cmu.o
 .text.CMU_HFXOInit
                0x00000000       0x68 ./emlib/em_cmu.o
 .text.CMU_LCDClkFDIVGet
                0x00000000       0x1c ./emlib/em_cmu.o
 .text.CMU_LFXOInit
                0x00000000       0x8c ./emlib/em_cmu.o
 .text.CMU_OscillatorTuningGet
                0x00000000       0x5c ./emlib/em_cmu.o
 .text.CMU_OscillatorTuningSet
                0x00000000       0xb0 ./emlib/em_cmu.o
 .text.CMU_PCNTClockExternalGet
                0x00000000       0x60 ./emlib/em_cmu.o
 .text.CMU_PCNTClockExternalSet
                0x00000000       0x48 ./emlib/em_cmu.o
 .text          0x00000000        0x0 ./emlib/em_emu.o
 .data          0x00000000        0x0 ./emlib/em_emu.o
 .bss           0x00000000        0x0 ./emlib/em_emu.o
 .text.BUS_RegBitWrite
                0x00000000       0x2c ./emlib/em_emu.o
 .text.EMU_BUPinEnable
                0x00000000       0x20 ./emlib/em_emu.o
 .rodata        0x00000000       0x5b ./emlib/em_emu.o
 .text.EMU_MemPwrDown
                0x00000000       0x2c ./emlib/em_emu.o
 .text.EMU_EM23Init
                0x00000000       0x34 ./emlib/em_emu.o
 .text.EMU_EM4Init
                0x00000000       0x50 ./emlib/em_emu.o
 .text.EMU_BUPDInit
                0x00000000       0xd4 ./emlib/em_emu.o
 .text.EMU_BUThresholdSet
                0x00000000       0x6c ./emlib/em_emu.o
 .text.EMU_BUThresRangeSet
                0x00000000       0x70 ./emlib/em_emu.o
 .text          0x00000000        0x0 ./emlib/em_gpio.o
 .data          0x00000000        0x0 ./emlib/em_gpio.o
 .bss           0x00000000        0x0 ./emlib/em_gpio.o
 .text.GPIO_EM4SetPinRetention
                0x00000000       0x40 ./emlib/em_gpio.o
 .text.GPIO_DbgLocationSet
                0x00000000       0x3c ./emlib/em_gpio.o
 .text.GPIO_DriveModeSet
                0x00000000       0x78 ./emlib/em_gpio.o
 .text.GPIO_PinModeGet
                0x00000000       0xcc ./emlib/em_gpio.o
 .text.GPIO_EM4EnablePinWakeup
                0x00000000       0x84 ./emlib/em_gpio.o
 .text          0x00000000        0x0 ./emlib/em_int.o
 .data          0x00000000        0x0 ./emlib/em_int.o
 .bss           0x00000000        0x0 ./emlib/em_int.o
 .text          0x00000000        0x0 ./emlib/em_lcd.o
 .data          0x00000000        0x0 ./emlib/em_lcd.o
 .bss           0x00000000        0x0 ./emlib/em_lcd.o
 .text.LCD_AnimEnable
                0x00000000       0x38 ./emlib/em_lcd.o
 .text.LCD_FrameCountEnable
                0x00000000       0x38 ./emlib/em_lcd.o
 .text.LCD_UpdateCtrl
                0x00000000       0x28 ./emlib/em_lcd.o
 .text.LCD_FrameCountInit
                0x00000000       0x68 ./emlib/em_lcd.o
 .text.LCD_AnimInit
                0x00000000       0x9c ./emlib/em_lcd.o
 .text.LCD_ContrastSet
                0x00000000       0x38 ./emlib/em_lcd.o
 .text.LCD_BiasSegmentSet
                0x00000000      0x11c ./emlib/em_lcd.o
 .text.LCD_BiasComSet
                0x00000000       0x50 ./emlib/em_lcd.o
 .text          0x00000000        0x0 ./emlib/em_rtc.o
 .data          0x00000000        0x0 ./emlib/em_rtc.o
 .bss           0x00000000        0x0 ./emlib/em_rtc.o
 .text.BUS_RegBitWrite
                0x00000000       0x2c ./emlib/em_rtc.o
 .text.RTC_Enable
                0x00000000       0x20 ./emlib/em_rtc.o
 .text.RTC_FreezeEnable
                0x00000000       0x2c ./emlib/em_rtc.o
 .text.RTC_Reset
                0x00000000       0x34 ./emlib/em_rtc.o
 .text.RTC_CounterReset
                0x00000000       0x14 ./emlib/em_rtc.o
 .text          0x00000000        0x0 ./emlib/em_system.o
 .data          0x00000000        0x0 ./emlib/em_system.o
 .bss           0x00000000        0x0 ./emlib/em_system.o
 .text.SYSTEM_GetCalibrationValue
                0x00000000       0x5c ./emlib/em_system.o
 .text          0x00000000        0x0 ./src/emodes.o
 .data          0x00000000        0x0 ./src/emodes.o
 .bss           0x00000000        0x0 ./src/emodes.o
 .text          0x00000000        0x0 ./src/lcd_setup.o
 .data          0x00000000        0x0 ./src/lcd_setup.o
 .bss           0x00000000        0x0 ./src/lcd_setup.o
 .text          0x00000000        0x0 ./src/main.o
 .data          0x00000000        0x0 ./src/main.o
 .bss           0x00000000        0x0 ./src/main.o
 .text          0x00000000       0x30 e:/programs/siliconlabs/simplicitystudio/v4/developer/toolchains/gnu_arm/4.9_2015q3/bin/../lib/gcc/arm-none-eabi/4.9.3/armv7-m\libgcc.a(_aeabi_uldivmod.o)
 .data          0x00000000        0x0 e:/programs/siliconlabs/simplicitystudio/v4/developer/toolchains/gnu_arm/4.9_2015q3/bin/../lib/gcc/arm-none-eabi/4.9.3/armv7-m\libgcc.a(_aeabi_uldivmod.o)
 .bss           0x00000000        0x0 e:/programs/siliconlabs/simplicitystudio/v4/developer/toolchains/gnu_arm/4.9_2015q3/bin/../lib/gcc/arm-none-eabi/4.9.3/armv7-m\libgcc.a(_aeabi_uldivmod.o)
 .debug_frame   0x00000000       0x28 e:/programs/siliconlabs/simplicitystudio/v4/developer/toolchains/gnu_arm/4.9_2015q3/bin/../lib/gcc/arm-none-eabi/4.9.3/armv7-m\libgcc.a(_aeabi_uldivmod.o)
 .ARM.attributes
                0x00000000       0x1d e:/programs/siliconlabs/simplicitystudio/v4/developer/toolchains/gnu_arm/4.9_2015q3/bin/../lib/gcc/arm-none-eabi/4.9.3/armv7-m\libgcc.a(_aeabi_uldivmod.o)
 .text          0x00000000       0x60 e:/programs/siliconlabs/simplicitystudio/v4/developer/toolchains/gnu_arm/4.9_2015q3/bin/../lib/gcc/arm-none-eabi/4.9.3/armv7-m\libgcc.a(bpabi.o)
 .data          0x00000000        0x0 e:/programs/siliconlabs/simplicitystudio/v4/developer/toolchains/gnu_arm/4.9_2015q3/bin/../lib/gcc/arm-none-eabi/4.9.3/armv7-m\libgcc.a(bpabi.o)
 .bss           0x00000000        0x0 e:/programs/siliconlabs/simplicitystudio/v4/developer/toolchains/gnu_arm/4.9_2015q3/bin/../lib/gcc/arm-none-eabi/4.9.3/armv7-m\libgcc.a(bpabi.o)
 .debug_frame   0x00000000       0x54 e:/programs/siliconlabs/simplicitystudio/v4/developer/toolchains/gnu_arm/4.9_2015q3/bin/../lib/gcc/arm-none-eabi/4.9.3/armv7-m\libgcc.a(bpabi.o)
 .ARM.attributes
                0x00000000       0x2d e:/programs/siliconlabs/simplicitystudio/v4/developer/toolchains/gnu_arm/4.9_2015q3/bin/../lib/gcc/arm-none-eabi/4.9.3/armv7-m\libgcc.a(bpabi.o)
 .text          0x00000000        0x4 e:/programs/siliconlabs/simplicitystudio/v4/developer/toolchains/gnu_arm/4.9_2015q3/bin/../lib/gcc/arm-none-eabi/4.9.3/armv7-m\libgcc.a(_dvmd_tls.o)
 .data          0x00000000        0x0 e:/programs/siliconlabs/simplicitystudio/v4/developer/toolchains/gnu_arm/4.9_2015q3/bin/../lib/gcc/arm-none-eabi/4.9.3/armv7-m\libgcc.a(_dvmd_tls.o)
 .bss           0x00000000        0x0 e:/programs/siliconlabs/simplicitystudio/v4/developer/toolchains/gnu_arm/4.9_2015q3/bin/../lib/gcc/arm-none-eabi/4.9.3/armv7-m\libgcc.a(_dvmd_tls.o)
 .ARM.attributes
                0x00000000       0x1d e:/programs/siliconlabs/simplicitystudio/v4/developer/toolchains/gnu_arm/4.9_2015q3/bin/../lib/gcc/arm-none-eabi/4.9.3/armv7-m\libgcc.a(_dvmd_tls.o)
 .text          0x00000000      0x2ac e:/programs/siliconlabs/simplicitystudio/v4/developer/toolchains/gnu_arm/4.9_2015q3/bin/../lib/gcc/arm-none-eabi/4.9.3/armv7-m\libgcc.a(_divdi3.o)
 .data          0x00000000        0x0 e:/programs/siliconlabs/simplicitystudio/v4/developer/toolchains/gnu_arm/4.9_2015q3/bin/../lib/gcc/arm-none-eabi/4.9.3/armv7-m\libgcc.a(_divdi3.o)
 .bss           0x00000000        0x0 e:/programs/siliconlabs/simplicitystudio/v4/developer/toolchains/gnu_arm/4.9_2015q3/bin/../lib/gcc/arm-none-eabi/4.9.3/armv7-m\libgcc.a(_divdi3.o)
 .ARM.extab     0x00000000        0x0 e:/programs/siliconlabs/simplicitystudio/v4/developer/toolchains/gnu_arm/4.9_2015q3/bin/../lib/gcc/arm-none-eabi/4.9.3/armv7-m\libgcc.a(_divdi3.o)
 .ARM.exidx     0x00000000        0x8 e:/programs/siliconlabs/simplicitystudio/v4/developer/toolchains/gnu_arm/4.9_2015q3/bin/../lib/gcc/arm-none-eabi/4.9.3/armv7-m\libgcc.a(_divdi3.o)
 .debug_frame   0x00000000       0x34 e:/programs/siliconlabs/simplicitystudio/v4/developer/toolchains/gnu_arm/4.9_2015q3/bin/../lib/gcc/arm-none-eabi/4.9.3/armv7-m\libgcc.a(_divdi3.o)
 .ARM.attributes
                0x00000000       0x2d e:/programs/siliconlabs/simplicitystudio/v4/developer/toolchains/gnu_arm/4.9_2015q3/bin/../lib/gcc/arm-none-eabi/4.9.3/armv7-m\libgcc.a(_divdi3.o)
 .text          0x00000000      0x270 e:/programs/siliconlabs/simplicitystudio/v4/developer/toolchains/gnu_arm/4.9_2015q3/bin/../lib/gcc/arm-none-eabi/4.9.3/armv7-m\libgcc.a(_udivdi3.o)
 .data          0x00000000        0x0 e:/programs/siliconlabs/simplicitystudio/v4/developer/toolchains/gnu_arm/4.9_2015q3/bin/../lib/gcc/arm-none-eabi/4.9.3/armv7-m\libgcc.a(_udivdi3.o)
 .bss           0x00000000        0x0 e:/programs/siliconlabs/simplicitystudio/v4/developer/toolchains/gnu_arm/4.9_2015q3/bin/../lib/gcc/arm-none-eabi/4.9.3/armv7-m\libgcc.a(_udivdi3.o)
 .ARM.extab     0x00000000        0x0 e:/programs/siliconlabs/simplicitystudio/v4/developer/toolchains/gnu_arm/4.9_2015q3/bin/../lib/gcc/arm-none-eabi/4.9.3/armv7-m\libgcc.a(_udivdi3.o)
 .ARM.exidx     0x00000000        0x8 e:/programs/siliconlabs/simplicitystudio/v4/developer/toolchains/gnu_arm/4.9_2015q3/bin/../lib/gcc/arm-none-eabi/4.9.3/armv7-m\libgcc.a(_udivdi3.o)
 .debug_frame   0x00000000       0x34 e:/programs/siliconlabs/simplicitystudio/v4/developer/toolchains/gnu_arm/4.9_2015q3/bin/../lib/gcc/arm-none-eabi/4.9.3/armv7-m\libgcc.a(_udivdi3.o)
 .ARM.attributes
                0x00000000       0x2d e:/programs/siliconlabs/simplicitystudio/v4/developer/toolchains/gnu_arm/4.9_2015q3/bin/../lib/gcc/arm-none-eabi/4.9.3/armv7-m\libgcc.a(_udivdi3.o)
 .text          0x00000000        0x0 e:/programs/siliconlabs/simplicitystudio/v4/developer/toolchains/gnu_arm/4.9_2015q3/bin/../lib/gcc/arm-none-eabi/4.9.3/../../../../arm-none-eabi/lib/armv7-m\libc_nano.a(lib_a-abs.o)
 .data          0x00000000        0x0 e:/programs/siliconlabs/simplicitystudio/v4/developer/toolchains/gnu_arm/4.9_2015q3/bin/../lib/gcc/arm-none-eabi/4.9.3/../../../../arm-none-eabi/lib/armv7-m\libc_nano.a(lib_a-abs.o)
 .bss           0x00000000        0x0 e:/programs/siliconlabs/simplicitystudio/v4/developer/toolchains/gnu_arm/4.9_2015q3/bin/../lib/gcc/arm-none-eabi/4.9.3/../../../../arm-none-eabi/lib/armv7-m\libc_nano.a(lib_a-abs.o)
 .text          0x00000000        0x0 e:/programs/siliconlabs/simplicitystudio/v4/developer/toolchains/gnu_arm/4.9_2015q3/bin/../lib/gcc/arm-none-eabi/4.9.3/../../../../arm-none-eabi/lib/armv7-m\libc_nano.a(lib_a-exit.o)
 .data          0x00000000        0x0 e:/programs/siliconlabs/simplicitystudio/v4/developer/toolchains/gnu_arm/4.9_2015q3/bin/../lib/gcc/arm-none-eabi/4.9.3/../../../../arm-none-eabi/lib/armv7-m\libc_nano.a(lib_a-exit.o)
 .bss           0x00000000        0x0 e:/programs/siliconlabs/simplicitystudio/v4/developer/toolchains/gnu_arm/4.9_2015q3/bin/../lib/gcc/arm-none-eabi/4.9.3/../../../../arm-none-eabi/lib/armv7-m\libc_nano.a(lib_a-exit.o)
 .text          0x00000000        0x0 e:/programs/siliconlabs/simplicitystudio/v4/developer/toolchains/gnu_arm/4.9_2015q3/bin/../lib/gcc/arm-none-eabi/4.9.3/../../../../arm-none-eabi/lib/armv7-m\libc_nano.a(lib_a-impure.o)
 .data          0x00000000        0x0 e:/programs/siliconlabs/simplicitystudio/v4/developer/toolchains/gnu_arm/4.9_2015q3/bin/../lib/gcc/arm-none-eabi/4.9.3/../../../../arm-none-eabi/lib/armv7-m\libc_nano.a(lib_a-impure.o)
 .bss           0x00000000        0x0 e:/programs/siliconlabs/simplicitystudio/v4/developer/toolchains/gnu_arm/4.9_2015q3/bin/../lib/gcc/arm-none-eabi/4.9.3/../../../../arm-none-eabi/lib/armv7-m\libc_nano.a(lib_a-impure.o)
 .data._impure_ptr
                0x00000000        0x4 e:/programs/siliconlabs/simplicitystudio/v4/developer/toolchains/gnu_arm/4.9_2015q3/bin/../lib/gcc/arm-none-eabi/4.9.3/../../../../arm-none-eabi/lib/armv7-m\libc_nano.a(lib_a-impure.o)
 .text          0x00000000        0x0 e:/programs/siliconlabs/simplicitystudio/v4/developer/toolchains/gnu_arm/4.9_2015q3/bin/../lib/gcc/arm-none-eabi/4.9.3/../../../../arm-none-eabi/lib/armv7-m\libc_nano.a(lib_a-init.o)
 .data          0x00000000        0x0 e:/programs/siliconlabs/simplicitystudio/v4/developer/toolchains/gnu_arm/4.9_2015q3/bin/../lib/gcc/arm-none-eabi/4.9.3/../../../../arm-none-eabi/lib/armv7-m\libc_nano.a(lib_a-init.o)
 .bss           0x00000000        0x0 e:/programs/siliconlabs/simplicitystudio/v4/developer/toolchains/gnu_arm/4.9_2015q3/bin/../lib/gcc/arm-none-eabi/4.9.3/../../../../arm-none-eabi/lib/armv7-m\libc_nano.a(lib_a-init.o)
 .text          0x00000000        0x0 e:/programs/siliconlabs/simplicitystudio/v4/developer/toolchains/gnu_arm/4.9_2015q3/bin/../lib/gcc/arm-none-eabi/4.9.3/../../../../arm-none-eabi/lib/armv7-m\libc_nano.a(lib_a-memset.o)
 .data          0x00000000        0x0 e:/programs/siliconlabs/simplicitystudio/v4/developer/toolchains/gnu_arm/4.9_2015q3/bin/../lib/gcc/arm-none-eabi/4.9.3/../../../../arm-none-eabi/lib/armv7-m\libc_nano.a(lib_a-memset.o)
 .bss           0x00000000        0x0 e:/programs/siliconlabs/simplicitystudio/v4/developer/toolchains/gnu_arm/4.9_2015q3/bin/../lib/gcc/arm-none-eabi/4.9.3/../../../../arm-none-eabi/lib/armv7-m\libc_nano.a(lib_a-memset.o)
 .text          0x00000000        0x0 e:/programs/siliconlabs/simplicitystudio/v4/developer/toolchains/gnu_arm/4.9_2015q3/bin/../lib/gcc/arm-none-eabi/4.9.3/../../../../arm-none-eabi/lib/armv7-m\libc_nano.a(lib_a-strlen.o)
 .data          0x00000000        0x0 e:/programs/siliconlabs/simplicitystudio/v4/developer/toolchains/gnu_arm/4.9_2015q3/bin/../lib/gcc/arm-none-eabi/4.9.3/../../../../arm-none-eabi/lib/armv7-m\libc_nano.a(lib_a-strlen.o)
 .bss           0x00000000        0x0 e:/programs/siliconlabs/simplicitystudio/v4/developer/toolchains/gnu_arm/4.9_2015q3/bin/../lib/gcc/arm-none-eabi/4.9.3/../../../../arm-none-eabi/lib/armv7-m\libc_nano.a(lib_a-strlen.o)
 .text          0x00000000        0x0 e:/programs/siliconlabs/simplicitystudio/v4/developer/toolchains/gnu_arm/4.9_2015q3/bin/../lib/gcc/arm-none-eabi/4.9.3/../../../../arm-none-eabi/lib/armv7-m\libnosys.a(_exit.o)
 .data          0x00000000        0x0 e:/programs/siliconlabs/simplicitystudio/v4/developer/toolchains/gnu_arm/4.9_2015q3/bin/../lib/gcc/arm-none-eabi/4.9.3/../../../../arm-none-eabi/lib/armv7-m\libnosys.a(_exit.o)
 .bss           0x00000000        0x0 e:/programs/siliconlabs/simplicitystudio/v4/developer/toolchains/gnu_arm/4.9_2015q3/bin/../lib/gcc/arm-none-eabi/4.9.3/../../../../arm-none-eabi/lib/armv7-m\libnosys.a(_exit.o)
 .text          0x00000000        0x0 e:/programs/siliconlabs/simplicitystudio/v4/developer/toolchains/gnu_arm/4.9_2015q3/bin/../lib/gcc/arm-none-eabi/4.9.3/armv7-m/crtend.o
 .data          0x00000000        0x0 e:/programs/siliconlabs/simplicitystudio/v4/developer/toolchains/gnu_arm/4.9_2015q3/bin/../lib/gcc/arm-none-eabi/4.9.3/armv7-m/crtend.o
 .bss           0x00000000        0x0 e:/programs/siliconlabs/simplicitystudio/v4/developer/toolchains/gnu_arm/4.9_2015q3/bin/../lib/gcc/arm-none-eabi/4.9.3/armv7-m/crtend.o
 .text          0x00000000        0x0 e:/programs/siliconlabs/simplicitystudio/v4/developer/toolchains/gnu_arm/4.9_2015q3/bin/../lib/gcc/arm-none-eabi/4.9.3/armv7-m/crtn.o
 .data          0x00000000        0x0 e:/programs/siliconlabs/simplicitystudio/v4/developer/toolchains/gnu_arm/4.9_2015q3/bin/../lib/gcc/arm-none-eabi/4.9.3/armv7-m/crtn.o
 .bss           0x00000000        0x0 e:/programs/siliconlabs/simplicitystudio/v4/developer/toolchains/gnu_arm/4.9_2015q3/bin/../lib/gcc/arm-none-eabi/4.9.3/armv7-m/crtn.o

Memory Configuration

Name             Origin             Length             Attributes
FLASH            0x00000000         0x00100000         xr
RAM              0x20000000         0x00020000         xrw
*default*        0x00000000         0xffffffff

Linker script and memory map

LOAD e:/programs/siliconlabs/simplicitystudio/v4/developer/toolchains/gnu_arm/4.9_2015q3/bin/../lib/gcc/arm-none-eabi/4.9.3/armv7-m/crti.o
LOAD e:/programs/siliconlabs/simplicitystudio/v4/developer/toolchains/gnu_arm/4.9_2015q3/bin/../lib/gcc/arm-none-eabi/4.9.3/armv7-m/crtbegin.o
LOAD e:/programs/siliconlabs/simplicitystudio/v4/developer/toolchains/gnu_arm/4.9_2015q3/bin/../lib/gcc/arm-none-eabi/4.9.3/../../../../arm-none-eabi/lib/armv7-m/crt0.o
LOAD ./BSP/bsp_trace.o
LOAD ./CMSIS/EFM32GG/startup_efm32gg.o
LOAD ./CMSIS/EFM32GG/system_efm32gg.o
LOAD ./Drivers/rtcdriver.o
LOAD ./Drivers/segmentlcd.o
LOAD ./emlib/em_assert.o
LOAD ./emlib/em_cmu.o
LOAD ./emlib/em_emu.o
LOAD ./emlib/em_gpio.o
LOAD ./emlib/em_int.o
LOAD ./emlib/em_lcd.o
LOAD ./emlib/em_rtc.o
LOAD ./emlib/em_system.o
LOAD ./src/emodes.o
LOAD ./src/lcd_setup.o
LOAD ./src/main.o
START GROUP
LOAD e:/programs/siliconlabs/simplicitystudio/v4/developer/toolchains/gnu_arm/4.9_2015q3/bin/../lib/gcc/arm-none-eabi/4.9.3/armv7-m\libgcc.a
LOAD e:/programs/siliconlabs/simplicitystudio/v4/developer/toolchains/gnu_arm/4.9_2015q3/bin/../lib/gcc/arm-none-eabi/4.9.3/../../../../arm-none-eabi/lib/armv7-m\libc_nano.a
LOAD e:/programs/siliconlabs/simplicitystudio/v4/developer/toolchains/gnu_arm/4.9_2015q3/bin/../lib/gcc/arm-none-eabi/4.9.3/../../../../arm-none-eabi/lib/armv7-m\libnosys.a
END GROUP
START GROUP
LOAD e:/programs/siliconlabs/simplicitystudio/v4/developer/toolchains/gnu_arm/4.9_2015q3/bin/../lib/gcc/arm-none-eabi/4.9.3/armv7-m\libgcc.a
LOAD e:/programs/siliconlabs/simplicitystudio/v4/developer/toolchains/gnu_arm/4.9_2015q3/bin/../lib/gcc/arm-none-eabi/4.9.3/../../../../arm-none-eabi/lib/armv7-m\libg_nano.a
LOAD e:/programs/siliconlabs/simplicitystudio/v4/developer/toolchains/gnu_arm/4.9_2015q3/bin/../lib/gcc/arm-none-eabi/4.9.3/../../../../arm-none-eabi/lib/armv7-m\libc_nano.a
END GROUP
START GROUP
LOAD e:/programs/siliconlabs/simplicitystudio/v4/developer/toolchains/gnu_arm/4.9_2015q3/bin/../lib/gcc/arm-none-eabi/4.9.3/armv7-m\libgcc.a
LOAD e:/programs/siliconlabs/simplicitystudio/v4/developer/toolchains/gnu_arm/4.9_2015q3/bin/../lib/gcc/arm-none-eabi/4.9.3/../../../../arm-none-eabi/lib/armv7-m\libc_nano.a
END GROUP
LOAD e:/programs/siliconlabs/simplicitystudio/v4/developer/toolchains/gnu_arm/4.9_2015q3/bin/../lib/gcc/arm-none-eabi/4.9.3/armv7-m/crtend.o
LOAD e:/programs/siliconlabs/simplicitystudio/v4/developer/toolchains/gnu_arm/4.9_2015q3/bin/../lib/gcc/arm-none-eabi/4.9.3/armv7-m/crtn.o

.text           0x00000000     0x3edc
 *(.vectors)
 .vectors       0x00000000       0xdc ./CMSIS/EFM32GG/startup_efm32gg.o
                0x00000000                __Vectors
                0x000000dc                __Vectors_End = .
                0x000000dc                __Vectors_Size = (__Vectors_End - __Vectors)
                0x000000dc                __end__ = .
 *(.text*)
 .text          0x000000dc       0x5c e:/programs/siliconlabs/simplicitystudio/v4/developer/toolchains/gnu_arm/4.9_2015q3/bin/../lib/gcc/arm-none-eabi/4.9.3/armv7-m/crtbegin.o
 .text          0x00000138       0x74 e:/programs/siliconlabs/simplicitystudio/v4/developer/toolchains/gnu_arm/4.9_2015q3/bin/../lib/gcc/arm-none-eabi/4.9.3/../../../../arm-none-eabi/lib/armv7-m/crt0.o
                0x00000138                _start
                0x00000138                _mainCRTStartup
 .text          0x000001ac       0x30 ./CMSIS/EFM32GG/startup_efm32gg.o
                0x000001ac                Reset_Handler
                0x000001d8                DebugMon_Handler
                0x000001d8                USART0_TX_IRQHandler
                0x000001d8                I2C0_IRQHandler
                0x000001d8                HardFault_Handler
                0x000001d8                LEUART1_IRQHandler
                0x000001d8                USART1_RX_IRQHandler
                0x000001d8                PendSV_Handler
                0x000001d8                NMI_Handler
                0x000001d8                I2C1_IRQHandler
                0x000001d8                TIMER3_IRQHandler
                0x000001d8                USART1_TX_IRQHandler
                0x000001d8                MSC_IRQHandler
                0x000001d8                ADC0_IRQHandler
                0x000001d8                UsageFault_Handler
                0x000001d8                LEUART0_IRQHandler
                0x000001d8                UART0_TX_IRQHandler
                0x000001d8                UART1_TX_IRQHandler
                0x000001d8                TIMER0_IRQHandler
                0x000001d8                TIMER2_IRQHandler
                0x000001d8                LCD_IRQHandler
                0x000001d8                PCNT2_IRQHandler
                0x000001d8                UART0_RX_IRQHandler
                0x000001d8                LETIMER0_IRQHandler
                0x000001d8                TIMER1_IRQHandler
                0x000001d8                USART2_RX_IRQHandler
                0x000001d8                Default_Handler
                0x000001d8                EMU_IRQHandler
                0x000001d8                PCNT0_IRQHandler
                0x000001d8                USB_IRQHandler
                0x000001d8                BURTC_IRQHandler
                0x000001d8                PCNT1_IRQHandler
                0x000001d8                ACMP0_IRQHandler
                0x000001d8                USART0_RX_IRQHandler
                0x000001d8                MemManage_Handler
                0x000001d8                SVC_Handler
                0x000001d8                DAC0_IRQHandler
                0x000001d8                UART1_RX_IRQHandler
                0x000001d8                CMU_IRQHandler
                0x000001d8                EBI_IRQHandler
                0x000001d8                LESENSE_IRQHandler
                0x000001d8                AES_IRQHandler
                0x000001d8                VCMP_IRQHandler
                0x000001d8                DMA_IRQHandler
                0x000001d8                BusFault_Handler
                0x000001d8                USART2_TX_IRQHandler
 .text.GetProdRev
                0x000001dc       0x1c ./CMSIS/EFM32GG/system_efm32gg.o
 .text.SystemCoreClockGet
                0x000001f8       0x34 ./CMSIS/EFM32GG/system_efm32gg.o
                0x000001f8                SystemCoreClockGet
 .text.SystemMaxCoreClockGet
                0x0000022c       0x14 ./CMSIS/EFM32GG/system_efm32gg.o
                0x0000022c                SystemMaxCoreClockGet
 .text.SystemHFClockGet
                0x00000240      0x100 ./CMSIS/EFM32GG/system_efm32gg.o
                0x00000240                SystemHFClockGet
 .text.SystemHFXOClockGet
                0x00000340       0x18 ./CMSIS/EFM32GG/system_efm32gg.o
                0x00000340                SystemHFXOClockGet
 .text.SystemInit
                0x00000358        0xc ./CMSIS/EFM32GG/system_efm32gg.o
                0x00000358                SystemInit
 .text.SystemLFRCOClockGet
                0x00000364       0x14 ./CMSIS/EFM32GG/system_efm32gg.o
                0x00000364                SystemLFRCOClockGet
 .text.SystemULFRCOClockGet
                0x00000378       0x14 ./CMSIS/EFM32GG/system_efm32gg.o
                0x00000378                SystemULFRCOClockGet
 .text.SystemLFXOClockGet
                0x0000038c       0x18 ./CMSIS/EFM32GG/system_efm32gg.o
                0x0000038c                SystemLFXOClockGet
 .text.INT_Disable
                0x000003a4       0x2c ./Drivers/rtcdriver.o
 .text.INT_Enable
                0x000003d0       0x3c ./Drivers/rtcdriver.o
 .text.RTC_CounterGet
                0x0000040c       0x18 ./Drivers/rtcdriver.o
 .text.RTC_IntClear
                0x00000424       0x1c ./Drivers/rtcdriver.o
 .text.RTC_IntDisable
                0x00000440       0x24 ./Drivers/rtcdriver.o
 .text.RTC_IntEnable
                0x00000464       0x24 ./Drivers/rtcdriver.o
 .text.RTC_IntGet
                0x00000488       0x18 ./Drivers/rtcdriver.o
 .text.RTC_IRQHandler
                0x000004a0       0xa4 ./Drivers/rtcdriver.o
                0x000004a0                RTC_IRQHandler
 .text.checkAllTimers
                0x00000544      0x2a8 ./Drivers/rtcdriver.o
 .text.executeTimerCallbacks
                0x000007ec       0x64 ./Drivers/rtcdriver.o
 .text.rescheduleRtc
                0x00000850      0x10c ./Drivers/rtcdriver.o
 .text.LCD_Enable
                0x0000095c       0x38 ./Drivers/segmentlcd.o
 .text.LCD_FreezeEnable
                0x00000994       0x2c ./Drivers/segmentlcd.o
 .text.LCD_SyncBusyDelay
                0x000009c0       0x24 ./Drivers/segmentlcd.o
 .text.LCD_IntDisable
                0x000009e4       0x24 ./Drivers/segmentlcd.o
 .text.SegmentLCD_AllOff
                0x00000a08       0xac ./Drivers/segmentlcd.o
                0x00000a08                SegmentLCD_AllOff
 .text.SegmentLCD_AlphaNumberOff
                0x00000ab4       0xa8 ./Drivers/segmentlcd.o
                0x00000ab4                SegmentLCD_AlphaNumberOff
 .text.SegmentLCD_Disable
                0x00000b5c       0x28 ./Drivers/segmentlcd.o
                0x00000b5c                SegmentLCD_Disable
 .text.SegmentLCD_Init
                0x00000b84       0xb8 ./Drivers/segmentlcd.o
                0x00000b84                SegmentLCD_Init
 .text.SegmentLCD_Number
                0x00000c3c      0x124 ./Drivers/segmentlcd.o
                0x00000c3c                SegmentLCD_Number
 .text.SegmentLCD_NumberOff
                0x00000d60       0x50 ./Drivers/segmentlcd.o
                0x00000d60                SegmentLCD_NumberOff
 .text.SegmentLCD_Write
                0x00000db0       0xd8 ./Drivers/segmentlcd.o
                0x00000db0                SegmentLCD_Write
 .text.assertEFM
                0x00000e88        0xc ./emlib/em_assert.o
                0x00000e88                assertEFM
 .text.BUS_RegBitWrite
                0x00000e94       0x2c ./emlib/em_cmu.o
 .text.BUS_RegBitRead
                0x00000ec0       0x2c ./emlib/em_cmu.o
 .text.CMU_DivToLog2
                0x00000eec       0x3c ./emlib/em_cmu.o
 .text.SYSTEM_GetProdRev
                0x00000f28       0x1c ./emlib/em_cmu.o
 .text.SYSTEM_GetFamily
                0x00000f44       0x20 ./emlib/em_cmu.o
 .text.maxFreqHfle
                0x00000f64       0x84 ./emlib/em_cmu.o
 .text.setHfLeConfig
                0x00000fe8       0x3c ./emlib/em_cmu.o
 .text.getHfLeConfig
                0x00001024       0x40 ./emlib/em_cmu.o
 .text.auxClkGet
                0x00001064       0xc0 ./emlib/em_cmu.o
 .text.dbgClkGet
                0x00001124       0x4c ./emlib/em_cmu.o
 .text.flashWaitStateControl
                0x00001170       0xb8 ./emlib/em_cmu.o
 .text.flashWaitStateMax
                0x00001228       0x14 ./emlib/em_cmu.o
 .text.lfClkGet
                0x0000123c      0x10c ./emlib/em_cmu.o
 .text.syncReg  0x00001348       0x34 ./emlib/em_cmu.o
 .text.usbCClkGet
                0x0000137c       0x4c ./emlib/em_cmu.o
 .text.CMU_ClockDivSet
                0x000013c8      0x2c8 ./emlib/em_cmu.o
                0x000013c8                CMU_ClockDivSet
 .text.CMU_ClockEnable
                0x00001690       0xe4 ./emlib/em_cmu.o
                0x00001690                CMU_ClockEnable
 .text.CMU_ClockFreqGet
                0x00001774      0x1e4 ./emlib/em_cmu.o
                0x00001774                CMU_ClockFreqGet
 .text.CMU_ClockSelectGet
                0x00001958      0x168 ./emlib/em_cmu.o
                0x00001958                CMU_ClockSelectGet
 .text.CMU_ClockSelectSet
                0x00001ac0      0x2f8 ./emlib/em_cmu.o
                0x00001ac0                CMU_ClockSelectSet
 .text.CMU_HFRCOBandSet
                0x00001db8       0xf0 ./emlib/em_cmu.o
                0x00001db8                CMU_HFRCOBandSet
 .text.CMU_LCDClkFDIVSet
                0x00001ea8       0x4c ./emlib/em_cmu.o
                0x00001ea8                CMU_LCDClkFDIVSet
 .text.CMU_OscillatorEnable
                0x00001ef4       0xcc ./emlib/em_cmu.o
                0x00001ef4                CMU_OscillatorEnable
 .text.SystemCoreClockUpdate
                0x00001fc0        0xc ./emlib/em_emu.o
 .text.EMU_Unlock
                0x00001fcc       0x18 ./emlib/em_emu.o
 .text.CMU_Lock
                0x00001fe4       0x18 ./emlib/em_emu.o
 .text.CMU_Unlock
                0x00001ffc       0x1c ./emlib/em_emu.o
 .text.emuRestore
                0x00002018       0xf0 ./emlib/em_emu.o
 .text.getErrataFixEmuE107En
                0x00002108       0x64 ./emlib/em_emu.o
 .text.EMU_EnterEM2
                0x0000216c       0x9c ./emlib/em_emu.o
                0x0000216c                EMU_EnterEM2
 .text.EMU_EnterEM3
                0x00002208       0xbc ./emlib/em_emu.o
                0x00002208                EMU_EnterEM3
 .text.EMU_EnterEM4
                0x000022c4       0x50 ./emlib/em_emu.o
                0x000022c4                EMU_EnterEM4
 .text.EMU_UpdateOscConfig
                0x00002314       0x1c ./emlib/em_emu.o
                0x00002314                EMU_UpdateOscConfig
 .text.BUS_RegBitWrite
                0x00002330       0x2c ./emlib/em_gpio.o
 .text.BUS_RegMaskedWrite
                0x0000235c       0x28 ./emlib/em_gpio.o
 .text.GPIO_PinOutClear
                0x00002384       0x98 ./emlib/em_gpio.o
 .text.GPIO_PinOutSet
                0x0000241c       0x98 ./emlib/em_gpio.o
 .text.GPIO_ExtIntConfig
                0x000024b4      0x110 ./emlib/em_gpio.o
                0x000024b4                GPIO_ExtIntConfig
 .text.GPIO_PinModeSet
                0x000025c4      0x150 ./emlib/em_gpio.o
                0x000025c4                GPIO_PinModeSet
 .text.LCD_Enable
                0x00002714       0x38 ./emlib/em_lcd.o
 .text.BUS_RegBitWrite
                0x0000274c       0x2c ./emlib/em_lcd.o
 .text.LCD_Init
                0x00002778       0x88 ./emlib/em_lcd.o
                0x00002778                LCD_Init
 .text.LCD_VLCDSelect
                0x00002800       0x44 ./emlib/em_lcd.o
                0x00002800                LCD_VLCDSelect
 .text.LCD_SegmentRangeEnable
                0x00002844       0x40 ./emlib/em_lcd.o
                0x00002844                LCD_SegmentRangeEnable
 .text.LCD_SegmentSet
                0x00002884      0x214 ./emlib/em_lcd.o
                0x00002884                LCD_SegmentSet
 .text.LCD_SegmentSetLow
                0x00002a98      0x198 ./emlib/em_lcd.o
                0x00002a98                LCD_SegmentSetLow
 .text.LCD_SegmentSetHigh
                0x00002c30      0x18c ./emlib/em_lcd.o
                0x00002c30                LCD_SegmentSetHigh
 .text.LCD_VBoostSet
                0x00002dbc       0x28 ./emlib/em_lcd.o
                0x00002dbc                LCD_VBoostSet
 .text.RTC_CompareGet
                0x00002de4       0x4c ./emlib/em_rtc.o
                0x00002de4                RTC_CompareGet
 .text.RTC_CompareSet
                0x00002e30       0x54 ./emlib/em_rtc.o
                0x00002e30                RTC_CompareSet
 .text.RTC_Init
                0x00002e84       0x50 ./emlib/em_rtc.o
                0x00002e84                RTC_Init
 .text.SYSTEM_ChipRevisionGet
                0x00002ed4       0x80 ./emlib/em_system.o
                0x00002ed4                SYSTEM_ChipRevisionGet
 .text.EMU_EnterEM1
                0x00002f54       0x20 ./src/emodes.o
 .text.em_EM0_Hfxo
                0x00002f74       0x5c ./src/emodes.o
                0x00002f74                em_EM0_Hfxo
 .text.em_EM0_Hfrco
                0x00002fd0       0x70 ./src/emodes.o
                0x00002fd0                em_EM0_Hfrco
 .text.em_EM1_Hfxo
                0x00003040       0x5c ./src/emodes.o
                0x00003040                em_EM1_Hfxo
 .text.em_EM1_Hfrco
                0x0000309c       0x70 ./src/emodes.o
                0x0000309c                em_EM1_Hfrco
 .text.em_EM2_LfrcoRTC
                0x0000310c       0x90 ./src/emodes.o
                0x0000310c                em_EM2_LfrcoRTC
 .text.em_EM3   0x0000319c        0xc ./src/emodes.o
                0x0000319c                em_EM3
 .text.em_EM4   0x000031a8        0xc ./src/emodes.o
                0x000031a8                em_EM4
 .text.primeCalc
                0x000031b4       0x9c ./src/emodes.o
 .text.NVIC_EnableIRQ
                0x00003250       0x30 ./src/lcd_setup.o
 .text.NVIC_DisableIRQ
                0x00003280       0x34 ./src/lcd_setup.o
 .text.NVIC_ClearPendingIRQ
                0x000032b4       0x34 ./src/lcd_setup.o
 .text.NVIC_SetPriority
                0x000032e8       0x54 ./src/lcd_setup.o
 .text.SysTick_Config
                0x0000333c       0x44 ./src/lcd_setup.o
 .text.GPIO_IntClear
                0x00003380       0x20 ./src/lcd_setup.o
 .text.GPIO_IntConfig
                0x000033a0       0x38 ./src/lcd_setup.o
 .text.LCD_SelectState
                0x000033d8      0x1bc ./src/lcd_setup.o
                0x000033d8                LCD_SelectState
 .text.SysTick_Handler
                0x00003594       0x30 ./src/lcd_setup.o
                0x00003594                SysTick_Handler
 .text.Delay    0x000035c4       0x2c ./src/lcd_setup.o
                0x000035c4                Delay
 .text.GPIO_ODD_IRQHandler
                0x000035f0       0x38 ./src/lcd_setup.o
                0x000035f0                GPIO_ODD_IRQHandler
 .text.GPIO_EVEN_IRQHandler
                0x00003628       0x30 ./src/lcd_setup.o
                0x00003628                GPIO_EVEN_IRQHandler
 .text.gpioSetup
                0x00003658       0x68 ./src/lcd_setup.o
 .text.CHIP_Init
                0x000036c0       0x40 ./src/main.o
 .text.main     0x00003700       0xf4 ./src/main.o
                0x00003700                main
 .text.abs      0x000037f4        0x8 e:/programs/siliconlabs/simplicitystudio/v4/developer/toolchains/gnu_arm/4.9_2015q3/bin/../lib/gcc/arm-none-eabi/4.9.3/../../../../arm-none-eabi/lib/armv7-m\libc_nano.a(lib_a-abs.o)
                0x000037f4                abs
 .text.exit     0x000037fc       0x28 e:/programs/siliconlabs/simplicitystudio/v4/developer/toolchains/gnu_arm/4.9_2015q3/bin/../lib/gcc/arm-none-eabi/4.9.3/../../../../arm-none-eabi/lib/armv7-m\libc_nano.a(lib_a-exit.o)
                0x000037fc                exit
 .text.__libc_init_array
                0x00003824       0x4c e:/programs/siliconlabs/simplicitystudio/v4/developer/toolchains/gnu_arm/4.9_2015q3/bin/../lib/gcc/arm-none-eabi/4.9.3/../../../../arm-none-eabi/lib/armv7-m\libc_nano.a(lib_a-init.o)
                0x00003824                __libc_init_array
 .text.memset   0x00003870       0x10 e:/programs/siliconlabs/simplicitystudio/v4/developer/toolchains/gnu_arm/4.9_2015q3/bin/../lib/gcc/arm-none-eabi/4.9.3/../../../../arm-none-eabi/lib/armv7-m\libc_nano.a(lib_a-memset.o)
                0x00003870                memset
 .text.strlen   0x00003880       0x10 e:/programs/siliconlabs/simplicitystudio/v4/developer/toolchains/gnu_arm/4.9_2015q3/bin/../lib/gcc/arm-none-eabi/4.9.3/../../../../arm-none-eabi/lib/armv7-m\libc_nano.a(lib_a-strlen.o)
                0x00003880                strlen
 .text._exit    0x00003890        0x4 e:/programs/siliconlabs/simplicitystudio/v4/developer/toolchains/gnu_arm/4.9_2015q3/bin/../lib/gcc/arm-none-eabi/4.9.3/../../../../arm-none-eabi/lib/armv7-m\libnosys.a(_exit.o)
                0x00003890                _exit
 *(.init)
 .init          0x00003894        0x4 e:/programs/siliconlabs/simplicitystudio/v4/developer/toolchains/gnu_arm/4.9_2015q3/bin/../lib/gcc/arm-none-eabi/4.9.3/armv7-m/crti.o
                0x00003894                _init
 .init          0x00003898        0x8 e:/programs/siliconlabs/simplicitystudio/v4/developer/toolchains/gnu_arm/4.9_2015q3/bin/../lib/gcc/arm-none-eabi/4.9.3/armv7-m/crtn.o
 *(.fini)
 .fini          0x000038a0        0x4 e:/programs/siliconlabs/simplicitystudio/v4/developer/toolchains/gnu_arm/4.9_2015q3/bin/../lib/gcc/arm-none-eabi/4.9.3/armv7-m/crti.o
                0x000038a0                _fini
 .fini          0x000038a4        0x8 e:/programs/siliconlabs/simplicitystudio/v4/developer/toolchains/gnu_arm/4.9_2015q3/bin/../lib/gcc/arm-none-eabi/4.9.3/armv7-m/crtn.o
 *crtbegin.o(.ctors)
 *crtbegin?.o(.ctors)
 *(EXCLUDE_FILE(*crtend.o *crtend?.o) .ctors)
 *(SORT(.ctors.*))
 *(.ctors)
 *crtbegin.o(.dtors)
 *crtbegin?.o(.dtors)
 *(EXCLUDE_FILE(*crtend.o *crtend?.o) .dtors)
 *(SORT(.dtors.*))
 *(.dtors)
 *(.rodata*)
 .rodata.EFM_Display
                0x000038ac      0x1fe ./Drivers/segmentlcd.o
 *fill*         0x00003aaa        0x2 
 .rodata.EFM_Alphabet
                0x00003aac       0xb8 ./Drivers/segmentlcd.o
 .rodata.EFM_Numbers
                0x00003b64       0x22 ./Drivers/segmentlcd.o
 *fill*         0x00003b86        0x2 
 .rodata.lcdInit
                0x00003b88       0x14 ./Drivers/segmentlcd.o
 .rodata        0x00003b9c       0xb7 ./emlib/em_cmu.o
 *fill*         0x00003c53        0x1 
 .rodata        0x00003c54       0xb8 ./emlib/em_gpio.o
 .rodata        0x00003d0c       0x5b ./emlib/em_lcd.o
 *fill*         0x00003d67        0x1 
 .rodata        0x00003d68       0x5b ./emlib/em_rtc.o
 *fill*         0x00003dc3        0x1 
 .rodata        0x00003dc4       0x5e ./emlib/em_system.o
 *fill*         0x00003e22        0x2 
 .rodata        0x00003e24        0x3 ./src/emodes.o
 *fill*         0x00003e27        0x1 
 .rodata        0x00003e28       0x9a ./src/lcd_setup.o
 *fill*         0x00003ec2        0x2 
 .rodata        0x00003ec4        0xe ./src/main.o
 .rodata.str1.1
                0x00003ed2        0x2 e:/programs/siliconlabs/simplicitystudio/v4/developer/toolchains/gnu_arm/4.9_2015q3/bin/../lib/gcc/arm-none-eabi/4.9.3/../../../../arm-none-eabi/lib/armv7-m\libc_nano.a(lib_a-impure.o)
 .rodata._global_impure_ptr
                0x00003ed4        0x4 e:/programs/siliconlabs/simplicitystudio/v4/developer/toolchains/gnu_arm/4.9_2015q3/bin/../lib/gcc/arm-none-eabi/4.9.3/../../../../arm-none-eabi/lib/armv7-m\libc_nano.a(lib_a-impure.o)
                0x00003ed4                _global_impure_ptr
 *(.eh_frame*)
 .eh_frame      0x00003ed8        0x0 e:/programs/siliconlabs/simplicitystudio/v4/developer/toolchains/gnu_arm/4.9_2015q3/bin/../lib/gcc/arm-none-eabi/4.9.3/armv7-m/crtbegin.o
 .eh_frame      0x00003ed8        0x4 e:/programs/siliconlabs/simplicitystudio/v4/developer/toolchains/gnu_arm/4.9_2015q3/bin/../lib/gcc/arm-none-eabi/4.9.3/armv7-m/crtend.o

.glue_7         0x00003edc        0x0
 .glue_7        0x00000000        0x0 linker stubs

.glue_7t        0x00003edc        0x0
 .glue_7t       0x00000000        0x0 linker stubs

.vfp11_veneer   0x00003edc        0x0
 .vfp11_veneer  0x00000000        0x0 linker stubs

.v4_bx          0x00003edc        0x0
 .v4_bx         0x00000000        0x0 linker stubs

.iplt           0x00003edc        0x0
 .iplt          0x00000000        0x0 e:/programs/siliconlabs/simplicitystudio/v4/developer/toolchains/gnu_arm/4.9_2015q3/bin/../lib/gcc/arm-none-eabi/4.9.3/armv7-m/crtbegin.o

.ARM.extab
 *(.ARM.extab* .gnu.linkonce.armextab.*)
                0x00003edc                __exidx_start = .

.ARM.exidx      0x00003edc        0x8
 *(.ARM.exidx* .gnu.linkonce.armexidx.*)
 .ARM.exidx     0x00003edc        0x8 e:/programs/siliconlabs/simplicitystudio/v4/developer/toolchains/gnu_arm/4.9_2015q3/bin/../lib/gcc/arm-none-eabi/4.9.3/../../../../arm-none-eabi/lib/armv7-m/crt0.o
                0x00003ee4                __exidx_end = .
                0x00003ee4                __etext = .

.rel.dyn        0x00003ee4        0x0
 .rel.iplt      0x00000000        0x0 e:/programs/siliconlabs/simplicitystudio/v4/developer/toolchains/gnu_arm/4.9_2015q3/bin/../lib/gcc/arm-none-eabi/4.9.3/armv7-m/crtbegin.o

.data           0x20000000       0x74 load address 0x00003ee4
                0x20000000                __data_start__ = .
 *(vtable)
 *(.data*)
 .data.SystemHFXOClock
                0x20000000        0x4 ./CMSIS/EFM32GG/system_efm32gg.o
 .data.SystemLFXOClock
                0x20000004        0x4 ./CMSIS/EFM32GG/system_efm32gg.o
 .data.impure_data
                0x20000008       0x60 e:/programs/siliconlabs/simplicitystudio/v4/developer/toolchains/gnu_arm/4.9_2015q3/bin/../lib/gcc/arm-none-eabi/4.9.3/../../../../arm-none-eabi/lib/armv7-m\libc_nano.a(lib_a-impure.o)
                0x20000068                . = ALIGN (0x4)
 *(.ram)
                0x20000068                . = ALIGN (0x4)
                0x20000068                PROVIDE (__preinit_array_start, .)
 *(.preinit_array)
                0x20000068                PROVIDE (__preinit_array_end, .)
                0x20000068                . = ALIGN (0x4)
                0x20000068                PROVIDE (__init_array_start, .)
 *(SORT(.init_array.*))
 *(.init_array)
 .init_array    0x20000068        0x4 e:/programs/siliconlabs/simplicitystudio/v4/developer/toolchains/gnu_arm/4.9_2015q3/bin/../lib/gcc/arm-none-eabi/4.9.3/armv7-m/crtbegin.o
                0x2000006c                PROVIDE (__init_array_end, .)
                0x2000006c                . = ALIGN (0x4)
                0x2000006c                PROVIDE (__fini_array_start, .)
 *(SORT(.fini_array.*))
 *(.fini_array)
 .fini_array    0x2000006c        0x4 e:/programs/siliconlabs/simplicitystudio/v4/developer/toolchains/gnu_arm/4.9_2015q3/bin/../lib/gcc/arm-none-eabi/4.9.3/armv7-m/crtbegin.o
                0x20000070                PROVIDE (__fini_array_end, .)
 *(.jcr*)
 .jcr           0x20000070        0x0 e:/programs/siliconlabs/simplicitystudio/v4/developer/toolchains/gnu_arm/4.9_2015q3/bin/../lib/gcc/arm-none-eabi/4.9.3/armv7-m/crtbegin.o
 .jcr           0x20000070        0x4 e:/programs/siliconlabs/simplicitystudio/v4/developer/toolchains/gnu_arm/4.9_2015q3/bin/../lib/gcc/arm-none-eabi/4.9.3/armv7-m/crtend.o
                0x20000074                . = ALIGN (0x4)
                0x20000074                __data_end__ = .

.igot.plt       0x20000074        0x0 load address 0x00003f58
 .igot.plt      0x00000000        0x0 e:/programs/siliconlabs/simplicitystudio/v4/developer/toolchains/gnu_arm/4.9_2015q3/bin/../lib/gcc/arm-none-eabi/4.9.3/armv7-m/crtbegin.o

.bss            0x20000078       0x70 load address 0x00003f60
                0x20000078                . = ALIGN (0x4)
                0x20000078                __bss_start__ = .
 *(.bss*)
 .bss           0x20000078       0x1c e:/programs/siliconlabs/simplicitystudio/v4/developer/toolchains/gnu_arm/4.9_2015q3/bin/../lib/gcc/arm-none-eabi/4.9.3/armv7-m/crtbegin.o
 *fill*         0x20000094        0x4 
 .bss.timer     0x20000098       0x28 ./Drivers/rtcdriver.o
 .bss.lastStart
                0x200000c0        0x4 ./Drivers/rtcdriver.o
 .bss.inTimerIRQ
                0x200000c4        0x1 ./Drivers/rtcdriver.o
 .bss.rtcRunning
                0x200000c5        0x1 ./Drivers/rtcdriver.o
 *fill*         0x200000c6        0x2 
 .bss.cmuStatus
                0x200000c8        0x4 ./emlib/em_emu.o
 .bss.INT_LockCnt
                0x200000cc        0x4 ./emlib/em_int.o
                0x200000cc                INT_LockCnt
 .bss.eMode     0x200000d0        0x4 ./src/lcd_setup.o
 .bss.pushButtonCounter
                0x200000d4        0x4 ./src/lcd_setup.o
 .bss.msCountDown
                0x200000d8        0x4 ./src/lcd_setup.o
 .bss.msCountDownLCD
                0x200000dc        0x4 ./src/lcd_setup.o
 *(COMMON)
 COMMON         0x200000e0        0x4 ./CMSIS/EFM32GG/system_efm32gg.o
                0x200000e0                SystemCoreClock
 COMMON         0x200000e4        0x4 ./src/lcd_setup.o
                0x200000e4                msTicks
                0x200000e8                . = ALIGN (0x4)
                0x200000e8                __bss_end__ = .

.heap           0x200000e8      0xc00
                0x200000e8                __HeapBase = .
                0x200000e8                __end__ = .
                0x200000e8                end = __end__
                0x200000e8                _end = __end__
 *(.heap*)
 .heap          0x200000e8      0xc00 ./CMSIS/EFM32GG/startup_efm32gg.o
                0x20000ce8                __HeapLimit = .

.stack_dummy    0x200000e8      0x400
 *(.stack*)
 .stack         0x200000e8      0x400 ./CMSIS/EFM32GG/startup_efm32gg.o
                0x20020000                __StackTop = (ORIGIN (RAM) + 0x20000)
                0x2001fc00                __StackLimit = (__StackTop - SIZEOF (.stack_dummy))
                0x20020000                PROVIDE (__stack, __StackTop)
                0x00000001                ASSERT ((__StackLimit >= __HeapLimit), region RAM overflowed with stack)
                0x00000001                ASSERT ((0x100000 >= (__etext + SIZEOF (.data))), FLASH memory overflowed !)
OUTPUT(STK3700_emode.axf elf32-littlearm)

.ARM.attributes
                0x00000000       0x29
 .ARM.attributes
                0x00000000       0x1d e:/programs/siliconlabs/simplicitystudio/v4/developer/toolchains/gnu_arm/4.9_2015q3/bin/../lib/gcc/arm-none-eabi/4.9.3/armv7-m/crti.o
 .ARM.attributes
                0x0000001d       0x2d e:/programs/siliconlabs/simplicitystudio/v4/developer/toolchains/gnu_arm/4.9_2015q3/bin/../lib/gcc/arm-none-eabi/4.9.3/armv7-m/crtbegin.o
 .ARM.attributes
                0x0000004a       0x1b e:/programs/siliconlabs/simplicitystudio/v4/developer/toolchains/gnu_arm/4.9_2015q3/bin/../lib/gcc/arm-none-eabi/4.9.3/../../../../arm-none-eabi/lib/armv7-m/crt0.o
 .ARM.attributes
                0x00000065       0x1b ./CMSIS/EFM32GG/startup_efm32gg.o
 .ARM.attributes
                0x00000080       0x33 ./CMSIS/EFM32GG/system_efm32gg.o
 .ARM.attributes
                0x000000b3       0x33 ./Drivers/rtcdriver.o
 .ARM.attributes
                0x000000e6       0x33 ./Drivers/segmentlcd.o
 .ARM.attributes
                0x00000119       0x33 ./emlib/em_assert.o
 .ARM.attributes
                0x0000014c       0x33 ./emlib/em_cmu.o
 .ARM.attributes
                0x0000017f       0x33 ./emlib/em_emu.o
 .ARM.attributes
                0x000001b2       0x33 ./emlib/em_gpio.o
 .ARM.attributes
                0x000001e5       0x33 ./emlib/em_int.o
 .ARM.attributes
                0x00000218       0x33 ./emlib/em_lcd.o
 .ARM.attributes
                0x0000024b       0x33 ./emlib/em_rtc.o
 .ARM.attributes
                0x0000027e       0x33 ./emlib/em_system.o
 .ARM.attributes
                0x000002b1       0x33 ./src/emodes.o
 .ARM.attributes
                0x000002e4       0x33 ./src/lcd_setup.o
 .ARM.attributes
                0x00000317       0x33 ./src/main.o
 .ARM.attributes
                0x0000034a       0x2d e:/programs/siliconlabs/simplicitystudio/v4/developer/toolchains/gnu_arm/4.9_2015q3/bin/../lib/gcc/arm-none-eabi/4.9.3/../../../../arm-none-eabi/lib/armv7-m\libc_nano.a(lib_a-abs.o)
 .ARM.attributes
                0x00000377       0x2d e:/programs/siliconlabs/simplicitystudio/v4/developer/toolchains/gnu_arm/4.9_2015q3/bin/../lib/gcc/arm-none-eabi/4.9.3/../../../../arm-none-eabi/lib/armv7-m\libc_nano.a(lib_a-exit.o)
 .ARM.attributes
                0x000003a4       0x2d e:/programs/siliconlabs/simplicitystudio/v4/developer/toolchains/gnu_arm/4.9_2015q3/bin/../lib/gcc/arm-none-eabi/4.9.3/../../../../arm-none-eabi/lib/armv7-m\libc_nano.a(lib_a-impure.o)
 .ARM.attributes
                0x000003d1       0x2d e:/programs/siliconlabs/simplicitystudio/v4/developer/toolchains/gnu_arm/4.9_2015q3/bin/../lib/gcc/arm-none-eabi/4.9.3/../../../../arm-none-eabi/lib/armv7-m\libc_nano.a(lib_a-init.o)
 .ARM.attributes
                0x000003fe       0x2d e:/programs/siliconlabs/simplicitystudio/v4/developer/toolchains/gnu_arm/4.9_2015q3/bin/../lib/gcc/arm-none-eabi/4.9.3/../../../../arm-none-eabi/lib/armv7-m\libc_nano.a(lib_a-memset.o)
 .ARM.attributes
                0x0000042b       0x2d e:/programs/siliconlabs/simplicitystudio/v4/developer/toolchains/gnu_arm/4.9_2015q3/bin/../lib/gcc/arm-none-eabi/4.9.3/../../../../arm-none-eabi/lib/armv7-m\libc_nano.a(lib_a-strlen.o)
 .ARM.attributes
                0x00000458       0x2d e:/programs/siliconlabs/simplicitystudio/v4/developer/toolchains/gnu_arm/4.9_2015q3/bin/../lib/gcc/arm-none-eabi/4.9.3/../../../../arm-none-eabi/lib/armv7-m\libnosys.a(_exit.o)
 .ARM.attributes
                0x00000485       0x2d e:/programs/siliconlabs/simplicitystudio/v4/developer/toolchains/gnu_arm/4.9_2015q3/bin/../lib/gcc/arm-none-eabi/4.9.3/armv7-m/crtend.o
 .ARM.attributes
                0x000004b2       0x1d e:/programs/siliconlabs/simplicitystudio/v4/developer/toolchains/gnu_arm/4.9_2015q3/bin/../lib/gcc/arm-none-eabi/4.9.3/armv7-m/crtn.o

.comment        0x00000000       0x70
 .comment       0x00000000       0x70 ./CMSIS/EFM32GG/system_efm32gg.o
                                 0x71 (size before relaxing)
 .comment       0x00000000       0x71 ./Drivers/rtcdriver.o
 .comment       0x00000000       0x71 ./Drivers/segmentlcd.o
 .comment       0x00000000       0x71 ./emlib/em_assert.o
 .comment       0x00000000       0x71 ./emlib/em_cmu.o
 .comment       0x00000000       0x71 ./emlib/em_emu.o
 .comment       0x00000000       0x71 ./emlib/em_gpio.o
 .comment       0x00000000       0x71 ./emlib/em_int.o
 .comment       0x00000000       0x71 ./emlib/em_lcd.o
 .comment       0x00000000       0x71 ./emlib/em_rtc.o
 .comment       0x00000000       0x71 ./emlib/em_system.o
 .comment       0x00000000       0x71 ./src/emodes.o
 .comment       0x00000000       0x71 ./src/lcd_setup.o
 .comment       0x00000000       0x71 ./src/main.o

.debug_line     0x00000000     0x40e6
 .debug_line    0x00000000       0xcb ./CMSIS/EFM32GG/startup_efm32gg.o
 .debug_line    0x000000cb      0x383 ./CMSIS/EFM32GG/system_efm32gg.o
 .debug_line    0x0000044e      0x70c ./Drivers/rtcdriver.o
 .debug_line    0x00000b5a      0x6ca ./Drivers/segmentlcd.o
 .debug_line    0x00001224       0x92 ./emlib/em_assert.o
 .debug_line    0x000012b6      0xadd ./emlib/em_cmu.o
 .debug_line    0x00001d93      0x5b4 ./emlib/em_emu.o
 .debug_line    0x00002347      0x58f ./emlib/em_gpio.o
 .debug_line    0x000028d6      0x1e0 ./emlib/em_int.o
 .debug_line    0x00002ab6      0x55a ./emlib/em_lcd.o
 .debug_line    0x00003010      0x39f ./emlib/em_rtc.o
 .debug_line    0x000033af      0x320 ./emlib/em_system.o
 .debug_line    0x000036cf      0x3af ./src/emodes.o
 .debug_line    0x00003a7e      0x3fd ./src/lcd_setup.o
 .debug_line    0x00003e7b      0x26b ./src/main.o

.debug_info     0x00000000     0x7551
 .debug_info    0x00000000       0xfe ./CMSIS/EFM32GG/startup_efm32gg.o
 .debug_info    0x000000fe      0x57e ./CMSIS/EFM32GG/system_efm32gg.o
 .debug_info    0x0000067c      0xd4f ./Drivers/rtcdriver.o
 .debug_info    0x000013cb     0x11d6 ./Drivers/segmentlcd.o
 .debug_info    0x000025a1       0x76 ./emlib/em_assert.o
 .debug_info    0x00002617     0x1500 ./emlib/em_cmu.o
 .debug_info    0x00003b17      0xda8 ./emlib/em_emu.o
 .debug_info    0x000048bf      0x65a ./emlib/em_gpio.o
 .debug_info    0x00004f19       0xb8 ./emlib/em_int.o
 .debug_info    0x00004fd1      0xa3e ./emlib/em_lcd.o
 .debug_info    0x00005a0f      0x33f ./emlib/em_rtc.o
 .debug_info    0x00005d4e      0x262 ./emlib/em_system.o
 .debug_info    0x00005fb0      0x842 ./src/emodes.o
 .debug_info    0x000067f2      0xbbe ./src/lcd_setup.o
 .debug_info    0x000073b0      0x1a1 ./src/main.o

.debug_abbrev   0x00000000     0x1683
 .debug_abbrev  0x00000000       0x14 ./CMSIS/EFM32GG/startup_efm32gg.o
 .debug_abbrev  0x00000014      0x16b ./CMSIS/EFM32GG/system_efm32gg.o
 .debug_abbrev  0x0000017f      0x2cb ./Drivers/rtcdriver.o
 .debug_abbrev  0x0000044a      0x197 ./Drivers/segmentlcd.o
 .debug_abbrev  0x000005e1       0x63 ./emlib/em_assert.o
 .debug_abbrev  0x00000644      0x2f6 ./emlib/em_cmu.o
 .debug_abbrev  0x0000093a      0x252 ./emlib/em_emu.o
 .debug_abbrev  0x00000b8c      0x1cb ./emlib/em_gpio.o
 .debug_abbrev  0x00000d57       0x5a ./emlib/em_int.o
 .debug_abbrev  0x00000db1      0x1c0 ./emlib/em_lcd.o
 .debug_abbrev  0x00000f71      0x17c ./emlib/em_rtc.o
 .debug_abbrev  0x000010ed       0xed ./emlib/em_system.o
 .debug_abbrev  0x000011da      0x1b9 ./src/emodes.o
 .debug_abbrev  0x00001393      0x21b ./src/lcd_setup.o
 .debug_abbrev  0x000015ae       0xd5 ./src/main.o

.debug_aranges  0x00000000      0x708
 .debug_aranges
                0x00000000       0x20 ./CMSIS/EFM32GG/startup_efm32gg.o
 .debug_aranges
                0x00000020       0x70 ./CMSIS/EFM32GG/system_efm32gg.o
 .debug_aranges
                0x00000090       0xd8 ./Drivers/rtcdriver.o
 .debug_aranges
                0x00000168       0xc0 ./Drivers/segmentlcd.o
 .debug_aranges
                0x00000228       0x20 ./emlib/em_assert.o
 .debug_aranges
                0x00000248      0x168 ./emlib/em_cmu.o
 .debug_aranges
                0x000003b0       0xa8 ./emlib/em_emu.o
 .debug_aranges
                0x00000458       0x70 ./emlib/em_gpio.o
 .debug_aranges
                0x000004c8       0x18 ./emlib/em_int.o
 .debug_aranges
                0x000004e0       0xa0 ./emlib/em_lcd.o
 .debug_aranges
                0x00000580       0x58 ./emlib/em_rtc.o
 .debug_aranges
                0x000005d8       0x28 ./emlib/em_system.o
 .debug_aranges
                0x00000600       0x60 ./src/emodes.o
 .debug_aranges
                0x00000660       0x80 ./src/lcd_setup.o
 .debug_aranges
                0x000006e0       0x28 ./src/main.o

.debug_loc      0x00000000     0x3616
 .debug_loc     0x00000000      0x31c ./CMSIS/EFM32GG/system_efm32gg.o
 .debug_loc     0x0000031c      0x778 ./Drivers/rtcdriver.o
 .debug_loc     0x00000a94      0x60c ./Drivers/segmentlcd.o
 .debug_loc     0x000010a0       0x38 ./emlib/em_assert.o
 .debug_loc     0x000010d8      0xcf0 ./emlib/em_cmu.o
 .debug_loc     0x00001dc8      0x57c ./emlib/em_emu.o
 .debug_loc     0x00002344      0x394 ./emlib/em_gpio.o
 .debug_loc     0x000026d8      0x5b0 ./emlib/em_lcd.o
 .debug_loc     0x00002c88      0x274 ./emlib/em_rtc.o
 .debug_loc     0x00002efc       0xa0 ./emlib/em_system.o
 .debug_loc     0x00002f9c      0x21e ./src/emodes.o
 .debug_loc     0x000031ba      0x3bc ./src/lcd_setup.o
 .debug_loc     0x00003576       0xa0 ./src/main.o

.debug_ranges   0x00000000      0x600
 .debug_ranges  0x00000000       0x60 ./CMSIS/EFM32GG/system_efm32gg.o
 .debug_ranges  0x00000060       0xc8 ./Drivers/rtcdriver.o
 .debug_ranges  0x00000128       0xb0 ./Drivers/segmentlcd.o
 .debug_ranges  0x000001d8       0x10 ./emlib/em_assert.o
 .debug_ranges  0x000001e8      0x158 ./emlib/em_cmu.o
 .debug_ranges  0x00000340       0x98 ./emlib/em_emu.o
 .debug_ranges  0x000003d8       0x60 ./emlib/em_gpio.o
 .debug_ranges  0x00000438       0x90 ./emlib/em_lcd.o
 .debug_ranges  0x000004c8       0x48 ./emlib/em_rtc.o
 .debug_ranges  0x00000510       0x18 ./emlib/em_system.o
 .debug_ranges  0x00000528       0x50 ./src/emodes.o
 .debug_ranges  0x00000578       0x70 ./src/lcd_setup.o
 .debug_ranges  0x000005e8       0x18 ./src/main.o

.debug_str      0x00000000     0x3074
 .debug_str     0x00000000      0x441 ./CMSIS/EFM32GG/system_efm32gg.o
                                0x4c1 (size before relaxing)
 .debug_str     0x00000441      0x9b9 ./Drivers/rtcdriver.o
                                0xbcc (size before relaxing)
 .debug_str     0x00000dfa      0x84d ./Drivers/segmentlcd.o
                                0xe3c (size before relaxing)
 .debug_str     0x00001647       0x6d ./emlib/em_assert.o
                                0x148 (size before relaxing)
 .debug_str     0x000016b4      0x9d2 ./emlib/em_cmu.o
                               0x1059 (size before relaxing)
 .debug_str     0x00002086      0x46d ./emlib/em_emu.o
                                0x85d (size before relaxing)
 .debug_str     0x000024f3      0x404 ./emlib/em_gpio.o
                                0x5f8 (size before relaxing)
 .debug_str     0x000028f7       0x5b ./emlib/em_int.o
                                0x1f8 (size before relaxing)
 .debug_str     0x00002952      0x39c ./emlib/em_lcd.o
                                0x8f1 (size before relaxing)
 .debug_str     0x00002cee       0xcb ./emlib/em_rtc.o
                                0x2de (size before relaxing)
 .debug_str     0x00002db9       0xf3 ./emlib/em_system.o
                                0x2d4 (size before relaxing)
 .debug_str     0x00002eac       0x8c ./src/emodes.o
                                0x7f9 (size before relaxing)
 .debug_str     0x00002f38      0x111 ./src/lcd_setup.o
                                0xb50 (size before relaxing)
 .debug_str     0x00003049       0x2b ./src/main.o
                                0x2c9 (size before relaxing)

.debug_frame    0x00000000     0x1acc
 .debug_frame   0x00000000      0x180 ./CMSIS/EFM32GG/system_efm32gg.o
 .debug_frame   0x00000180      0x394 ./Drivers/rtcdriver.o
 .debug_frame   0x00000514      0x2ec ./Drivers/segmentlcd.o
 .debug_frame   0x00000800       0x2c ./emlib/em_assert.o
 .debug_frame   0x0000082c      0x610 ./emlib/em_cmu.o
 .debug_frame   0x00000e3c      0x290 ./emlib/em_emu.o
 .debug_frame   0x000010cc      0x1b0 ./emlib/em_gpio.o
 .debug_frame   0x0000127c      0x294 ./emlib/em_lcd.o
 .debug_frame   0x00001510      0x130 ./emlib/em_rtc.o
 .debug_frame   0x00001640       0x58 ./emlib/em_system.o
 .debug_frame   0x00001698      0x128 ./src/emodes.o
 .debug_frame   0x000017c0      0x1e0 ./src/lcd_setup.o
 .debug_frame   0x000019a0       0x58 ./src/main.o
 .debug_frame   0x000019f8       0x20 e:/programs/siliconlabs/simplicitystudio/v4/developer/toolchains/gnu_arm/4.9_2015q3/bin/../lib/gcc/arm-none-eabi/4.9.3/../../../../arm-none-eabi/lib/armv7-m\libc_nano.a(lib_a-abs.o)
 .debug_frame   0x00001a18       0x28 e:/programs/siliconlabs/simplicitystudio/v4/developer/toolchains/gnu_arm/4.9_2015q3/bin/../lib/gcc/arm-none-eabi/4.9.3/../../../../arm-none-eabi/lib/armv7-m\libc_nano.a(lib_a-exit.o)
 .debug_frame   0x00001a40       0x2c e:/programs/siliconlabs/simplicitystudio/v4/developer/toolchains/gnu_arm/4.9_2015q3/bin/../lib/gcc/arm-none-eabi/4.9.3/../../../../arm-none-eabi/lib/armv7-m\libc_nano.a(lib_a-init.o)
 .debug_frame   0x00001a6c       0x20 e:/programs/siliconlabs/simplicitystudio/v4/developer/toolchains/gnu_arm/4.9_2015q3/bin/../lib/gcc/arm-none-eabi/4.9.3/../../../../arm-none-eabi/lib/armv7-m\libc_nano.a(lib_a-memset.o)
 .debug_frame   0x00001a8c       0x20 e:/programs/siliconlabs/simplicitystudio/v4/developer/toolchains/gnu_arm/4.9_2015q3/bin/../lib/gcc/arm-none-eabi/4.9.3/../../../../arm-none-eabi/lib/armv7-m\libc_nano.a(lib_a-strlen.o)
 .debug_frame   0x00001aac       0x20 e:/programs/siliconlabs/simplicitystudio/v4/developer/toolchains/gnu_arm/4.9_2015q3/bin/../lib/gcc/arm-none-eabi/4.9.3/../../../../arm-none-eabi/lib/armv7-m\libnosys.a(_exit.o)
